[lightcurve.py] reading Kepler TCE table
[[array(0.0),
  array(0.0),
  array(0.0),
  array(0.0),
  array(0.0),
  array(0.0),
  array(0.0),
  array(0.0),
  array(0.0),
  array(0.0),
  array(9.999e-05),
  array(0.0),
  array(0.0),
  array(0.0),
  array(0.0),
  array(0.0),
  array(0.0),
  array(2.05e-05),
  array(0.0),
  array(0.0),
  array(0.0),
  array(0.0),
  array(0.0),
  array(0.0),
  array(1.396e-05),
  array(0.0),
  array(0.0),
  array(0.0),
  array(0.0),
  array(2.3489999999999997e-05),
  array(0.0),
  array(0.0),
  array(0.0),
  array(0.0),
  array(0.0),
  array(0.0),
  array(0.0),
  array(0.0),
  array(0.0),
  array(0.0),
  array(0.0),
  array(0.0),
  array(0.0),
  array(0.0),
  array(0.0),
  array(0.0),
  array(0.0),
  array(0.0),
  array(0.0),
  array(0.0)],
 [array(0.0),
  array(0.0),
  array(0.0),
  array(0.0),
  array(0.0),
  array(0.0),
  array(0.0),
  array(0.0),
  array(0.0),
  array(0.0),
  array(9.999e-05),
  array(0.0),
  array(0.0),
  array(0.0),
  array(0.0),
  array(0.0),
  array(0.0),
  array(0.0),
  array(0.0),
  array(0.0),
  array(0.0),
  array(0.0),
  array(0.0),
  array(0.0),
  array(0.0),
  array(0.0),
  array(0.0),
  array(0.0),
  array(0.0),
  array(2.3489999999999997e-05),
  array(0.0),
  array(0.0),
  array(0.0),
  array(0.0),
  array(3.7170000000000005e-05),
  array(0.0),
  array(0.0),
  array(0.0),
  array(0.0),
  array(0.0),
  array(0.0),
  array(0.0),
  array(0.0),
  array(0.0),
  array(0.0),
  array(0.0),
  array(0.0),
  array(0.0),
  array(0.0),
  array(0.0)],
 [array(0.0),
  array(0.0),
  array(0.0),
  array(0.0),
  array(0.0),
  array(0.0),
  array(0.0),
  array(0.00016769999999999998),
  array(0.0),
  array(0.0),
  array(9.999e-05),
  array(0.0),
  array(0.0),
  array(0.0),
  array(0.0),
  array(0.0),
  array(0.0),
  array(0.0),
  array(0.0),
  array(0.0),
  array(0.0),
  array(0.0),
  array(0.0),
  array(0.0),
  array(0.0),
  array(0.0),
  array(0.00016171405883053287),
  array(0.0),
  array(0.0),
  array(0.0),
  array(0.0),
  array(0.0),
  array(0.0),
  array(0.0),
  array(0.0),
  array(0.0),
  array(0.0),
  array(0.01054338736481847),
  array(0.0),
  array(0.0),
  array(0.0),
  array(0.0),
  array(0.0),
  array(0.0),
  array(0.0),
  array(0.0),
  array(0.0),
  array(0.0),
  array(0.0),
  array(0.0)],
 [array(0.0),
  array(0.0),
  array(0.0),
  array(0.0),
  array(0.0),
  array(0.0),
  array(0.0),
  array(0.0),
  array(0.0),
  array(0.0),
  array(0.0),
  array(0.0),
  array(0.0),
  array(0.0),
  array(0.0),
  array(0.0),
  array(0.0),
  array(0.0),
  array(0.0),
  array(0.0),
  array(0.0),
  array(0.0),
  array(0.0),
  array(0.0),
  array(0.0),
  array(0.0),
  array(0.0),
  array(0.0),
  array(0.0),
  array(0.0),
  array(3.045663265550243e-06),
  array(0.00011059999999999999),
  array(0.0),
  array(0.0),
  array(0.0),
  array(0.0),
  array(0.0),
  array(0.14720499973195578),
  array(0.0),
  array(0.0),
  array(0.0),
  array(0.0),
  array(0.0),
  array(0.0),
  array(0.0),
  array(0.0),
  array(0.0),
  array(0.0),
  array(0.0),
  array(0.0)],
 [array(0.0),
  array(0.0),
  array(0.0),
  array(0.0),
  array(3.028e-05),
  array(0.0),
  array(0.0),
  array(0.0),
  array(0.0),
  array(0.0),
  array(0.0),
  array(0.0),
  array(0.0),
  array(0.0),
  array(0.0),
  array(0.0),
  array(0.0),
  array(0.0),
  array(0.0),
  array(0.0),
  array(0.0),
  array(0.0),
  array(0.0),
  array(0.0),
  array(0.0),
  array(0.0),
  array(0.0),
  array(0.0),
  array(0.0),
  array(0.0),
  array(0.0),
  array(0.00011059999999999999),
  array(0.0),
  array(0.0),
  array(0.0),
  array(0.0),
  array(0.0),
  array(0.0),
  array(0.0),
  array(0.0),
  array(0.0),
  array(0.0),
  array(0.0),
  array(0.0),
  array(0.0),
  array(0.0),
  array(7.366e-05),
  array(0.0),
  array(0.0),
  array(0.0)],
 [array(0.0),
  array(0.0),
  array(0.0),
  array(0.0),
  array(3.028e-05),
  array(0.0),
  array(0.0),
  array(0.0),
  array(0.0),
  array(0.0),
  array(0.0),
  array(0.0),
  array(0.0),
  array(0.0),
  array(0.0),
  array(0.0),
  array(0.0),
  array(0.0),
  array(0.0),
  array(6.7969999999999995e-06),
  array(0.0),
  array(0.0),
  array(0.0),
  array(0.0),
  array(0.0),
  array(0.0),
  array(0.0),
  array(0.0),
  array(0.0),
  array(0.0),
  array(0.0),
  array(0.0),
  array(0.0),
  array(0.0),
  array(0.0),
  array(0.0),
  array(0.0),
  array(0.0),
  array(0.00043139999999999997),
  array(0.0),
  array(0.0),
  array(0.0),
  array(0.0),
  array(0.0),
  array(0.0),
  array(0.0),
  array(0.0),
  array(0.0),
  array(0.0),
  array(0.0)],
 [array(4.033e-07),
  array(0.0),
  array(0.0),
  array(0.0),
  array(3.028e-05),
  array(0.0),
  array(0.0),
  array(0.0),
  array(0.0),
  array(0.0),
  array(0.0),
  array(0.0),
  array(0.0),
  array(0.0),
  array(0.0),
  array(1.9655509370856814e-05),
  array(0.0),
  array(2.05e-05),
  array(0.0),
  array(0.0),
  array(0.0),
  array(0.0),
  array(0.0),
  array(0.0),
  array(0.0),
  array(0.0),
  array(0.0),
  array(0.0),
  array(0.0),
  array(0.0),
  array(0.0),
  array(0.0),
  array(0.0),
  array(0.0),
  array(0.0),
  array(0.0),
  array(0.0),
  array(0.0),
  array(0.0),
  array(0.0),
  array(0.0),
  array(0.0),
  array(4.386e-05),
  array(0.0),
  array(0.0),
  array(0.0),
  array(0.0),
  array(0.0),
  array(0.0),
  array(0.0)],
 [array(0.0),
  array(0.0),
  array(0.0),
  array(0.0),
  array(3.028e-05),
  array(0.0),
  array(0.0),
  array(0.0),
  array(0.0),
  array(0.0),
  array(0.0),
  array(0.0),
  array(0.0),
  array(0.0),
  array(0.0),
  array(0.0),
  array(0.0),
  array(0.0),
  array(0.0),
  array(0.0),
  array(0.0),
  array(0.0),
  array(0.0),
  array(0.0),
  array(0.0),
  array(0.000116),
  array(0.0),
  array(0.0),
  array(0.0),
  array(0.0),
  array(0.0),
  array(0.0),
  array(0.0),
  array(0.0001035),
  array(3.7170000000000005e-05),
  array(0.0),
  array(0.0),
  array(0.0),
  array(0.0),
  array(0.0),
  array(0.0),
  array(0.0),
  array(0.0),
  array(0.0),
  array(0.0),
  array(0.0),
  array(0.0),
  array(0.0),
  array(0.0),
  array(0.0)],
 [array(0.0),
  array(0.0),
  array(0.0),
  array(0.0),
  array(3.028e-05),
  array(0.0),
  array(0.0),
  array(0.0),
  array(0.0),
  array(0.0),
  array(0.0),
  array(0.0),
  array(0.0),
  array(0.0),
  array(0.0),
  array(0.0),
  array(0.0),
  array(0.0),
  array(0.0),
  array(0.0),
  array(0.0),
  array(0.0),
  array(0.0),
  array(0.0),
  array(0.0),
  array(0.0),
  array(0.0),
  array(0.0),
  array(0.0),
  array(0.0),
  array(0.0),
  array(0.0),
  array(0.0),
  array(0.0001035),
  array(0.0),
  array(0.0),
  array(0.0),
  array(0.0),
  array(0.0),
  array(0.0),
  array(0.0),
  array(0.0),
  array(0.0),
  array(0.0),
  array(0.0),
  array(0.0),
  array(0.0),
  array(0.0),
  array(0.0),
  array(0.0)],
 [array(0.0),
  array(0.0),
  array(0.0),
  array(0.0),
  array(0.0),
  array(0.0),
  array(0.0),
  array(0.0),
  array(0.0),
  array(0.0),
  array(0.0),
  array(0.0),
  array(0.0),
  array(0.0),
  array(0.0),
  array(0.0),
  array(0.0),
  array(0.0),
  array(0.0),
  array(0.0),
  array(0.0),
  array(0.0),
  array(0.0),
  array(0.0),
  array(0.0),
  array(0.0),
  array(0.0),
  array(0.0),
  array(0.0),
  array(0.0),
  array(0.0),
  array(0.0),
  array(0.0),
  array(0.0),
  array(0.0),
  array(0.0),
  array(0.0),
  array(0.0),
  array(0.0),
  array(0.0),
  array(0.0),
  array(0.0),
  array(0.0),
  array(3.333e-06),
  array(0.0),
  array(0.0),
  array(7.366e-05),
  array(0.0),
  array(0.0),
  array(0.0)],
 [array(0.0),
  array(0.0),
  array(0.0),
  array(0.0),
  array(0.0),
  array(0.0),
  array(0.0),
  array(0.0),
  array(0.0),
  array(0.0),
  array(0.0),
  array(0.0),
  array(0.0),
  array(0.0),
  array(0.0),
  array(0.0),
  array(0.0),
  array(0.0),
  array(0.0),
  array(0.0),
  array(0.0),
  array(0.0),
  array(0.0),
  array(0.0),
  array(0.0),
  array(0.0),
  array(0.0),
  array(0.0),
  array(0.0),
  array(0.0),
  array(0.0),
  array(0.0),
  array(0.0),
  array(0.0),
  array(0.0),
  array(0.0),
  array(0.0),
  array(0.0),
  array(0.0),
  array(0.0),
  array(1.394e-08),
  array(0.0),
  array(0.0),
  array(0.0),
  array(0.0),
  array(0.0),
  array(0.0),
  array(0.0),
  array(0.0),
  array(0.0)]]
